  Determining projects to restore...
  All projects are up-to-date for restore.
  FocusDeck.SharedKernel -> C:\Users\Caleb\Desktop\new-focusdeck\FocusDeck\src\FocusDeck.SharedKernel\bin\Debug\net9.0\FocusDeck.SharedKernel.dll
  FocusDeck.Domain -> C:\Users\Caleb\Desktop\new-focusdeck\FocusDeck\src\FocusDeck.Domain\bin\Debug\net9.0\FocusDeck.Domain.dll
  FocusDeck.Contracts -> C:\Users\Caleb\Desktop\new-focusdeck\FocusDeck\src\FocusDeck.Contracts\bin\Debug\net9.0\FocusDeck.Contracts.dll
C:\Users\Caleb\Desktop\new-focusdeck\FocusDeck\src\FocusDeck.Persistence\Repositories\Context\SqliteVectorStore.cs(42,51): error CS1061: 'AutomationDbContext' does not contain a definition for 'ContextVectors' and no accessible extension method 'ContextVectors' accepting a first argument of type 'AutomationDbContext' could be found (are you missing a using directive or an assembly reference?) [C:\Users\Caleb\Desktop\new-focusdeck\FocusDeck\src\FocusDeck.Persistence\FocusDeck.Persistence.csproj]
C:\Users\Caleb\Desktop\new-focusdeck\FocusDeck\src\FocusDeck.Persistence\Repositories\Context\SqliteVectorStore.cs(64,28): error CS1061: 'AutomationDbContext' does not contain a definition for 'ContextVectors' and no accessible extension method 'ContextVectors' accepting a first argument of type 'AutomationDbContext' could be found (are you missing a using directive or an assembly reference?) [C:\Users\Caleb\Desktop\new-focusdeck\FocusDeck\src\FocusDeck.Persistence\FocusDeck.Persistence.csproj]

Build FAILED.

C:\Users\Caleb\Desktop\new-focusdeck\FocusDeck\src\FocusDeck.Persistence\Repositories\Context\SqliteVectorStore.cs(42,51): error CS1061: 'AutomationDbContext' does not contain a definition for 'ContextVectors' and no accessible extension method 'ContextVectors' accepting a first argument of type 'AutomationDbContext' could be found (are you missing a using directive or an assembly reference?) [C:\Users\Caleb\Desktop\new-focusdeck\FocusDeck\src\FocusDeck.Persistence\FocusDeck.Persistence.csproj]
C:\Users\Caleb\Desktop\new-focusdeck\FocusDeck\src\FocusDeck.Persistence\Repositories\Context\SqliteVectorStore.cs(64,28): error CS1061: 'AutomationDbContext' does not contain a definition for 'ContextVectors' and no accessible extension method 'ContextVectors' accepting a first argument of type 'AutomationDbContext' could be found (are you missing a using directive or an assembly reference?) [C:\Users\Caleb\Desktop\new-focusdeck\FocusDeck\src\FocusDeck.Persistence\FocusDeck.Persistence.csproj]
    0 Warning(s)
    2 Error(s)

Time Elapsed 00:00:01.67
